// Jest Snapshot v1, https://goo.gl/fbAQLP

exports[`CredentialsSelectors Should map a response to a consumable dropdown format: credentialsDropdown 1`] = `
Array [
  Object {
    "title": "Lorem",
    "type": "network",
    "value": 54,
  },
  Object {
    "title": "Ipsum",
    "type": "vcenter",
    "value": 1,
  },
  Object {
    "title": "Dolor",
    "type": "satellite",
    "value": 200,
  },
]
`;

exports[`CredentialsSelectors Should return specific selectors: selectors 1`] = `
Object {
  "credentialsDropdown": [Function],
  "makeCredentialsDropdown": [Function],
}
`;
